[commentactiverwindows.wordpress.com/index.html]
[backblue.gif]
[fade.gif]
[index.html]
[s2.wp.com/wp-content/plugins/gutenberg-core/v18.4.1/build/block-library/blocks/navigation/style7204.css]
[commentactiverwindows.wordpress.com/feed/index.html]
[commentactiverwindows.wordpress.com/comments/feed/index.html]
[commentactiverwindows.wordpress.com/xmlrpc0db0.php]
[s2.wp.com/i/webclip.png]
[commentactiverwindows.wordpress.com/osd.xml]
[0.gravatar.com/js/hovercards/hovercards.min47d9.js]
[s2.wp.com/wp-content/mu-plugins/gravatar-hovercards/wpgrohoe8bd.js]
[commentactiverwindows.wordpress.com/2022/12/06/comment-activer-ma-webcam-sur-windows-7/index.html]
[commentactiverwindows.wordpress.com/2022/12/06/comment-activer-bluetooth-windows-7/index.html]
[commentactiverwindows.wordpress.com/GET]
[s2.wp.com/i/logo/wpcom-gray-white.png]
[commentactiverwindows.wordpress.com/2022/12/04/defender/index.html]
[s0.wp.com/wp-content/mu-plugins/actionbar/actionbarf84d.css]
[s0.wp.com/wp-content/mu-plugins/actionbar/actionbar4dc1.js]
[s1.wp.com/_static/indexd98a.html]
[stats.wp.com/w735b.js]
[commentactiverwindows.wordpress.com/wp-content/plugins/ie-sitemode/custom-jumplist.php]
[pixel.wp.com/b0b80.gif]
[commentactiverwindows.wordpress.com/index.html]
[s2.wp.com/wp-content/plugins/gutenberg-core/v18.4.1/build/block-library/blocks/navigation/style7204.css]
[commentactiverwindows.wordpress.com/wp-content/js/bilmur.min60b2.js]
[s1.wp.com/_static/indexd02a.html]
[s2.wp.com/wp-content/themes/h4/globalf753.css]
[s0.wp.com/wp-content/plugins/gutenberg-core/v18.4.1/build/block-library/common7204.css]
[s1.wp.com/wp-content/mu-plugins/jetpack-mu-wpcom-plugin/sun/vendor/automattic/jetpack-mu-wpcom/src/build/verbum-comments/verbum-commentsf66a.css]
[commentactiverwindows.wordpress.com/2022/12/06/comment-activer-ma-webcam-sur-windows-7/feed/index.html]
[widgets.wp.com/verbum-block-editor/block-editor474e.css]
[commentactiverwindows.wordpress.com/2022/12/06/comment-activer-ma-webcam-sur-windows-7/GET]
[commentactiverwindows.wordpress.com/category/uncategorized/index.html]
[commentactiverwindows.wordpress.com/2022/12/06/comment-activer-ma-webcam-sur-windows-7/index.html]
[s2.wp.com/wp-content/plugins/gutenberg-core/v18.4.1/build/block-library/blocks/image/style7204.css]
[commentactiverwindows.wordpress.com/2022/12/06/comment-activer-bluetooth-windows-7/feed/index.html]
[commentactiverbluetoothwindows7.wordpress.com/wp-content/uploads/2022/12/screenshot_142dff.png]
[commentactiverbluetoothwindows7.wordpress.com/wp-content/uploads/2022/12/screenshot_154999.png]
[commentactiverwindows.wordpress.com/2022/12/06/comment-activer-bluetooth-windows-7/GET.1d.delayed]
[commentactiverwindows.wordpress.com/2022/12/06/comment-activer-bluetooth-windows-7/index.html]
[commentactiverwindows.wordpress.com/2022/12/04/defender/feed/index.html]
[hehe80.wordpress.com/wp-content/uploads/2022/12/screenshot_7a45e.png]
[www.wintips.org/wp-content/uploads/2013/02/image_thumb86.png]
[hehe80.wordpress.com/wp-content/uploads/2022/12/screenshot_8c3f8.png]
[hehe80.wordpress.com/wp-content/uploads/2022/12/screenshot_9023f.png]
[hehe80.wordpress.com/wp-content/uploads/2022/12/screenshot_101079.png]
[hehe80.wordpress.com/wp-content/uploads/2022/12/screenshot_11cd1b.png]
[hehe80.wordpress.com/wp-content/uploads/2022/12/screenshot_12e40a.png]
[hehe80.wordpress.com/wp-content/uploads/2022/12/screenshot_13a3ce.png]
[commentactiverwindows.wordpress.com/2022/12/04/defender/GET]
[commentactiverwindows.wordpress.com/2022/12/04/defender/index.html]
[commentactiverwindows.wordpress.com/GET.html]
[s0.wp.com/wp-content/mu-plugins/actionbar/actionbarf84d.css]
[s0.wp.com/wp-content/plugins/gutenberg-core/v18.4.1/build/block-library/common7204.css]
[s0.wp.com/i/loading/dark-200.gif]
[s1.wp.com/wp-content/mu-plugins/jetpack-mu-wpcom-plugin/sun/vendor/automattic/jetpack-mu-wpcom/src/build/verbum-comments/verbum-commentsf66a.css]
[widgets.wp.com/verbum-block-editor/block-editor474e.css]
[commentactiverwindows.wordpress.com/category/uncategorized/GET]
[commentactiverwindows.wordpress.com/category/uncategorized/feed/index.html]
[commentactiverwindows.wordpress.com/category/uncategorized/index.html]
[commentactiverwindows.wordpress.com/2022/12/06/comment-activer-ma-webcam-sur-windows-7/index9a7b.html]
[commentactiverwindows.wordpress.com/2022/12/06/comment-activer-ma-webcam-sur-windows-7/index5a58.html]
[commentactiverwindows.wordpress.com/2022/12/06/comment-activer-ma-webcam-sur-windows-7/GET.html]
[s2.wp.com/wp-content/plugins/gutenberg-core/v18.4.1/build/block-library/blocks/image/style7204.css]
[commentactiverwindows.wordpress.com/2022/12/06/comment-activer-bluetooth-windows-7/index9a7b.html]
[commentactiverwindows.wordpress.com/2022/12/06/comment-activer-bluetooth-windows-7/index5a58.html]
[commentactiverwindows.wordpress.com/2022/12/06/comment-activer-bluetooth-windows-7/GET.html]
[commentactiverwindows.wordpress.com/2022/12/04/defender/index9a7b.html]
[commentactiverwindows.wordpress.com/2022/12/04/defender/index5a58.html]
[commentactiverwindows.wordpress.com/2022/12/04/defender/GET.html]
[commentactiverwindows.wordpress.com/category/uncategorized/GET.html]
